// Jest Snapshot v1, https://goo.gl/fbAQLP

exports[`Image component matches snapshot 1`] = `
<DocumentFragment>
  <img
    alt="placeholder"
    data-nimg="1"
    decoding="async"
    height="350"
    loading="lazy"
    src="/_next/image?url=https%3A%2F%2Fplacehold.co%2F150x350&w=384&q=75"
    srcset="/_next/image?url=https%3A%2F%2Fplacehold.co%2F150x350&w=256&q=75 1x, /_next/image?url=https%3A%2F%2Fplacehold.co%2F150x350&w=384&q=75 2x"
    style="color: transparent;"
    width="150"
  />
</DocumentFragment>
`;
